[robnewtec.wordpress.com/index.html]
[backblue.gif]
[fade.gif]
[index.html]
[robnewtec.wordpress.com/wp-content/blog-plugins/marketing-bar/css/marketing-barb6f2.css]
[robnewtec.wordpress.com/feed/index.html]
[robnewtec.wordpress.com/_static/index63c9.html]
[robnewtec.wordpress.com/_static/index22a3.html]
[robnewtec.wordpress.com/_static/indexe516.html]
[robnewtec.wordpress.com/comments/feed/index.html]
[robnewtec.wordpress.com/xmlrpc0db0.php]
[robnewtec.wordpress.com/_static/index002c.html]
[robnewtec.wordpress.com/_static/indexd580.html]
[robnewtec.wordpress.com/_static/index8576.html]
[robnewtec.wordpress.com/osd.xml]
[robnewtec.wordpress.com/_static/index7a16.html]
[robnewtec.wordpress.com/wp-content/uploads/2016/09/cropped-cropped-i-ciliegi-in-fiore1.jpg]
[robnewtec.wordpress.com/mbot/index.html]
[robnewtec.wordpress.com/programmare-mbot-con-openroberta/index.html]
[robnewtec.wordpress.com/lego/index.html]
[robnewtec.wordpress.com/wp-content/mu-plugins/gravatar-hovercards/wpgrohoe8bd.js]
[robnewtec.wordpress.com/lego-spike/index.html]
[robnewtec.wordpress.com/openrobertaev3/index.html]
[robnewtec.wordpress.com/legoev3blocchi/index.html]
[robnewtec.wordpress.com/GET]
[robnewtec.wordpress.com/il-sensore-di-colore/index.html]
[robnewtec.wordpress.com/lego-nxt/index.html]
[robnewtec.wordpress.com/robotc/index.html]
[robnewtec.wordpress.com/corso-nxc/index.html]
[robnewtec.wordpress.com/wp-content/mu-plugins/actionbar/actionbar3d0f.css]
[robnewtec.wordpress.com/arduino/index.html]
[robnewtec.wordpress.com/uno-r3-schematic-reference/index.html]
[robnewtec.wordpress.com/uno-pinout/index.html]
[robnewtec.wordpress.com/wp-content/mu-plugins/actionbar/actionbarb20e.js]
[robnewtec.wordpress.com/software-per-la-didattica/index.html]
[robnewtec.wordpress.com/arduino-alvik/index.html]
[robnewtec.wordpress.com/corso-base/index.html]
[robnewtec.wordpress.com/index.html]
[robnewtec.wordpress.com/wp-content/js/bilmur.min6cd4.js]
[robnewtec.wordpress.com/tinkercad/index.html]
[robnewtec.wordpress.com/blender/index.html]
[robnewtec.wordpress.com/xmlrpc.php]
[robnewtec.wordpress.com/freecad/index.html]
[robnewtec.wordpress.com/bambustudio/index.html]
[robnewtec.wordpress.com/onshape/index.html]
[robnewtec.wordpress.com/sugarcad/index.html]
[robnewtec.wordpress.com/wp-content/blog-plugins/marketing-bar/images/wpcom-mark.svg]
[robnewtec.wordpress.com/progetti-hardware-software/index.html]
[robnewtec.wordpress.com/fresa-cnc/index.html]
[robnewtec.wordpress.com/dolcino/index.html]
[robnewtec.wordpress.com/wp-content/blog-plugins/marketing-bar/images/jp-app.svg]
[robnewtec.wordpress.com/meridiana-digitale/index.html]
[robnewtec.wordpress.com/astronomia-con-le-nuove-tecnologie-2/index.html]
[robnewtec.wordpress.com/montatura-equatoriale/index.html]
[robnewtec.wordpress.com/wp-content/blog-plugins/marketing-bar/css/marketing-barb6f2.css]
[robnewtec.wordpress.com/installazione-del-software/index.html]
[robnewtec.wordpress.com/mondi-virtuali/index.html]
[robnewtec.wordpress.com/astronomia-con-le-nuove-tecnologie/index.html]
[robnewtec.wordpress.com/puntatore-astronomico/index.html]
[robnewtec.wordpress.com/_static/index22a3.html]
[robnewtec.wordpress.com/mondi-virtuali-creazione-di-oggetti-e-contenuti/index.html]
[robnewtec.wordpress.com/_static/index63c9.html]
[robnewtec.wordpress.com/mondi-virtuali-gestione-del-server/index.html]
[robnewtec.wordpress.com/mondi-virtuali-linguaggio-di-scripting/index.html]
[robnewtec.wordpress.com/scratch/index.html]
[robnewtec.wordpress.com/_static/indexe516.html]
[robnewtec.wordpress.com/ausili-ai-corsi/index.html]
[robnewtec.wordpress.com/wp-includes/js/mediaelement/mejs-controls.svg]
[robnewtec.wordpress.com/risorse-per-la-stampa-in-3d/index.html]
[robnewtec.wordpress.com/scienza-con-lego-spike/index.html]
[robnewtec.wordpress.com/stampa-3d-idee/index.html]
[robnewtec.wordpress.com/_static/index51b9.html]
[robnewtec.wordpress.com/category/senza-categoria/index.html]
[robnewtec.wordpress.com/author/andreacristofori/index.html]
[robnewtec.wordpress.com/2016/09/28/prova-prova/index.html]
[robnewtec.wordpress.com/_static/index8576.html]
[robnewtec.wordpress.com/_static/indexd580.html]
[robnewtec.wordpress.com/_static/index002c.html]
[robnewtec.wordpress.com/wp-content/themes/h4/globalf753.css]
[robnewtec.wordpress.com/wp-content/plugins/coblocks/2.18.1-simple-rev.4/dist/images/social/twitter.svg]
[robnewtec.wordpress.com/mbot/GET]
[robnewtec.wordpress.com/mbot/index.html]
[robnewtec.wordpress.com/_static/index3b27.html]
[robnewtec.wordpress.com/_static/index252e.html]
[robnewtec.wordpress.com/_static/indexba1f.html]
[robnewtec.wordpress.com/wp-content/uploads/2020/03/openroberta-connect-downf405.png]
[robnewtec.wordpress.com/wp-content/uploads/2020/03/openroberta-iconaf405.png]
[robnewtec.wordpress.com/_static/index7646.html]
[robnewtec.wordpress.com/wp-content/uploads/2020/03/connectorapertof405.png]
[robnewtec.wordpress.com/wp-content/uploads/2020/03/openrobertambotf405.png]
[robnewtec.wordpress.com/wp-content/uploads/2020/03/openrobertambot2f405.png]
[robnewtec.wordpress.com/wp-content/uploads/2020/02/configurazione-robot38fc.png]
[robnewtec.wordpress.com/wp-content/uploads/2020/02/programmazionerobot8fc9.png]
[robnewtec.wordpress.com/wp-content/uploads/2020/02/bloccoazione-1d0b1.png]
[robnewtec.wordpress.com/wp-content/uploads/2020/02/primoprogramma19a06.png]
[robnewtec.wordpress.com/wp-content/uploads/2020/03/aspetta-finchef405.png]
[robnewtec.wordpress.com/wp-content/uploads/2020/03/avantiegiraf405.png]
[robnewtec.wordpress.com/wp-content/uploads/2020/03/quadratof405.png]
[robnewtec.wordpress.com/wp-content/uploads/2020/03/quadrato2f405.png]
[robnewtec.wordpress.com/wp-content/uploads/2020/03/hallof405.png]
[robnewtec.wordpress.com/wp-content/uploads/2020/03/sensoref405.png]
[robnewtec.wordpress.com/wp-content/uploads/2020/02/scelta1f405.png]
[robnewtec.wordpress.com/wp-content/uploads/2020/02/scelta2f405.png]
[robnewtec.wordpress.com/wp-content/uploads/2020/02/scelta3f405.png]
[robnewtec.wordpress.com/wp-content/uploads/2020/02/scelta4f405.png]
[robnewtec.wordpress.com/wp-content/uploads/2020/02/scelta5f405.png]
[robnewtec.wordpress.com/programmare-mbot-con-openroberta/GET]
[robnewtec.wordpress.com/programmare-mbot-con-openroberta/index.html]
[robnewtec.wordpress.com/_static/indexed67.html]
[robnewtec.wordpress.com/_static/indexd776.html]
[robnewtec.wordpress.com/lego/GET]
[robnewtec.wordpress.com/lego/index.html]
[robnewtec.wordpress.com/wp-content/uploads/2023/02/ripetipersemprec68e.png]
[robnewtec.wordpress.com/wp-content/uploads/2023/02/avantipersempre5f39.png]
[robnewtec.wordpress.com/wp-content/uploads/2023/02/see837.png]
[robnewtec.wordpress.com/wp-content/uploads/2023/02/condizionese83a1.png]
[robnewtec.wordpress.com/wp-content/uploads/2023/02/sensoreditoccodcd5.png]
[robnewtec.wordpress.com/wp-content/uploads/2023/02/ultrasuonif474.png]
[robnewtec.wordpress.com/wp-content/uploads/2023/02/coloreb55d.png]
[robnewtec.wordpress.com/lego-spike/GET]
[robnewtec.wordpress.com/lego-spike/index.html]
[robnewtec.wordpress.com/_static/index2964.html]
[robnewtec.wordpress.com/wp-content/uploads/2020/03/ev31.png]
[robnewtec.wordpress.com/wp-content/uploads/2020/03/ev32-1.png]
[robnewtec.wordpress.com/wp-content/uploads/2020/03/ev33.png]
[robnewtec.wordpress.com/wp-content/uploads/2020/03/ev34.png]
[robnewtec.wordpress.com/wp-content/uploads/2020/03/ev31a.png]
[robnewtec.wordpress.com/wp-content/uploads/2020/03/ev36.png]
[robnewtec.wordpress.com/wp-content/uploads/2020/03/ev37.png]
[robnewtec.wordpress.com/wp-content/uploads/2020/03/ev38.png]
[robnewtec.wordpress.com/wp-content/uploads/2020/03/ev39.png]
[robnewtec.wordpress.com/wp-content/uploads/2020/03/ev3-10.png]
[robnewtec.wordpress.com/wp-content/uploads/2020/03/ev3-11.png]
[robnewtec.wordpress.com/wp-content/uploads/2020/03/ev3-12.png]
[robnewtec.wordpress.com/wp-content/uploads/2020/03/ev3-13.png]
[robnewtec.wordpress.com/wp-content/uploads/2020/03/ev3-14.png]
[robnewtec.wordpress.com/wp-content/uploads/2020/03/ev3-15-1.png]
[robnewtec.wordpress.com/wp-content/uploads/2020/03/ev3-16.png]
[robnewtec.wordpress.com/wp-content/uploads/2020/03/ev3-17.png]
[robnewtec.wordpress.com/wp-content/uploads/2020/03/ev3quadrato.png]
[robnewtec.wordpress.com/wp-content/uploads/2020/03/ev3quadratociclo.png]
[robnewtec.wordpress.com/wp-content/uploads/2020/03/ev3hallo.png]
[robnewtec.wordpress.com/wp-content/uploads/2020/03/ev3hallogrande.png]
[robnewtec.wordpress.com/wp-content/uploads/2020/03/ev3sensore1-2.png]
[robnewtec.wordpress.com/wp-content/uploads/2020/03/ev3sensore3-2.png]
[robnewtec.wordpress.com/wp-content/uploads/2020/02/scelta2.png]
[robnewtec.wordpress.com/wp-content/uploads/2020/03/ev3sensore4-1.png]
[robnewtec.wordpress.com/wp-content/uploads/2020/02/scelta4.png]
[robnewtec.wordpress.com/wp-content/uploads/2020/03/ev3sensore5.png]
[robnewtec.wordpress.com/wp-content/uploads/2020/03/ev3sensore6.png]
[robnewtec.wordpress.com/wp-content/uploads/2020/03/ev3cicloindefinito.png]
[robnewtec.wordpress.com/wp-content/uploads/2020/03/ev3cicloindefinito2.png]
[robnewtec.wordpress.com/wp-content/uploads/2020/12/icona-dati-sensoric6eb.png]
[robnewtec.wordpress.com/wp-content/uploads/2020/12/finestra-dati-sensoric6eb.png]
[robnewtec.wordpress.com/wp-content/uploads/2020/12/gestione-ledc6eb.png]
[robnewtec.wordpress.com/wp-content/uploads/2020/12/led.png]
[robnewtec.wordpress.com/wp-content/uploads/2020/12/gestione-schermo1c6eb.png]
[robnewtec.wordpress.com/wp-content/uploads/2020/12/gestione-schermo2587c.png]
[robnewtec.wordpress.com/wp-content/uploads/2020/12/gestione-schermo3c6eb.png]
[robnewtec.wordpress.com/wp-content/uploads/2020/12/gestione-schermo4-178b4.png]
[robnewtec.wordpress.com/wp-content/uploads/2020/12/frequenzac6eb.png]
[robnewtec.wordpress.com/wp-content/uploads/2020/12/durata-notac6eb.png]
[robnewtec.wordpress.com/wp-content/uploads/2020/12/tipo-di-notac6eb.png]
[robnewtec.wordpress.com/openrobertaev3/GET]
[robnewtec.wordpress.com/openrobertaev3/index.html]
[robnewtec.wordpress.com/wp-content/uploads/2022/01/ev3blocchi12dff.png]
[robnewtec.wordpress.com/wp-content/uploads/2022/01/ev3blocchi2-15b09.png]
[robnewtec.wordpress.com/wp-content/uploads/2022/01/ev3blocchi3.png]
[robnewtec.wordpress.com/wp-content/uploads/2022/01/ev3blocchi4-1.png]
[robnewtec.wordpress.com/wp-content/uploads/2022/01/ev3blocchi5start.png]
[robnewtec.wordpress.com/wp-content/uploads/2022/01/ev3blocchi6motoregrande.png]
[robnewtec.wordpress.com/wp-content/uploads/2022/01/ev3blocchi7motoremedio.png]
[robnewtec.wordpress.com/wp-content/uploads/2020/02/legoev3blocchimotoregrande.png]
[robnewtec.wordpress.com/wp-content/uploads/2022/01/ev3blocchi8motoremediorotazioniintere.png]
[robnewtec.wordpress.com/wp-content/uploads/2022/01/ev3blocchi9motoremediorotazioniintere.png]
[robnewtec.wordpress.com/wp-content/uploads/2022/01/ev3blocchi10motoremediorotazioniintere.png]
[robnewtec.wordpress.com/wp-content/uploads/2022/01/ev3blocchi11motoremediogradi.png]
[robnewtec.wordpress.com/wp-content/uploads/2022/01/ev3blocchi12motoremediogradi.png]
[robnewtec.wordpress.com/wp-content/uploads/2022/01/ev3blocchi12motoregrandesecondii.png]
[robnewtec.wordpress.com/wp-content/uploads/2022/01/ev3blocchi13motoregrandesecondi.png]
[robnewtec.wordpress.com/wp-content/uploads/2020/02/legoev3blocchimotoremedio.png]
[robnewtec.wordpress.com/wp-content/uploads/2022/01/ev3blocchimotoremediorotazioniintere.png]
[robnewtec.wordpress.com/wp-content/uploads/2022/01/ev3blocchimotoremediopotenza.png]
[robnewtec.wordpress.com/wp-content/uploads/2020/02/legoev3blocchi2motorigrand1rotazione1.png]
[robnewtec.wordpress.com/wp-content/uploads/2020/02/legoev3blocchi2motorigrand1rotazione2.png]
[robnewtec.wordpress.com/wp-content/uploads/2022/01/ev3blocchi2motoricontrollosterzo.png]
[robnewtec.wordpress.com/wp-content/uploads/2022/01/ev3blocchi2amotoricontrollosterzo.png]
[robnewtec.wordpress.com/wp-content/uploads/2022/01/ev3blocchi2bmotoricontrollosterzo.png]
[robnewtec.wordpress.com/wp-content/uploads/2022/01/ev3blocchi2cmotoricontrollosterzo.png]
[robnewtec.wordpress.com/wp-content/uploads/2022/01/ev3blocchi2motorimovimentocingolato.png]
[robnewtec.wordpress.com/wp-content/uploads/2022/01/ev3blocchi2motorimovimentocingolato2.png]
[robnewtec.wordpress.com/wp-content/uploads/2022/01/ev3blocchi2motorimovimentocingolato3.png]
[robnewtec.wordpress.com/wp-content/uploads/2022/01/ev3blocchivideo.png]
[robnewtec.wordpress.com/wp-content/uploads/2020/02/legoev3blocchisuono.png]
[robnewtec.wordpress.com/wp-content/uploads/2022/01/ev3blocchiaudiosuoni-1.png]
[robnewtec.wordpress.com/wp-content/uploads/2022/01/ev3blocchiaudiotono.png]
[robnewtec.wordpress.com/wp-content/uploads/2022/01/ev3blocchistatobrick.png]
[robnewtec.wordpress.com/wp-content/uploads/2022/01/ev3blocchicontrolloflusso1.png]
[robnewtec.wordpress.com/wp-content/uploads/2022/01/ev3blocchicontrolloflusso2.png]
[robnewtec.wordpress.com/wp-content/uploads/2022/01/ev3blocchicontrolloflusso3.png]
[robnewtec.wordpress.com/wp-content/uploads/2022/01/ev3blocchicontrolloflusso3a.png]
[robnewtec.wordpress.com/wp-content/uploads/2022/01/ev3blocchicontrolloflusso4.png]
[robnewtec.wordpress.com/wp-content/uploads/2022/01/ev3blocchicontrolloflusso5.png]
[robnewtec.wordpress.com/wp-content/uploads/2022/01/ev3blocchicontrolloflusso5b-1.png]
[robnewtec.wordpress.com/wp-content/uploads/2022/01/ev3blocchicontrolloflusso5c.png]
[robnewtec.wordpress.com/wp-content/uploads/2022/01/ev3blocchicontrolloflusso6x.png]
[robnewtec.wordpress.com/wp-content/uploads/2022/01/ev3blocchicontrolloflusso6.png]
[robnewtec.wordpress.com/wp-content/uploads/2022/01/ev3blocchicontrolloflusso7.png]
[robnewtec.wordpress.com/wp-content/uploads/2022/01/ev3blocchicontrollosensori1.png]
[robnewtec.wordpress.com/wp-content/uploads/2022/01/ev3blocchicontrollosensori4ultrasuoni.png]
[robnewtec.wordpress.com/wp-content/uploads/2022/01/ev3blocchi2sensoriultra.png]
[robnewtec.wordpress.com/wp-content/uploads/2022/01/ev3blocchicontrollosensori5tocco.png]
[robnewtec.wordpress.com/wp-content/uploads/2022/01/ev3blocchicontrollosensori5toccoesempio.png]
[robnewtec.wordpress.com/wp-content/uploads/2022/01/ev3blocchicontrollosensori3colore.png]
[robnewtec.wordpress.com/wp-content/uploads/2022/01/ev3blocchicontrollosensori6colore.png]
[robnewtec.wordpress.com/wp-content/uploads/2022/01/ev3blocchicontrollosensori2giroscopio.png]
[robnewtec.wordpress.com/wp-content/uploads/2022/01/ev3blocchicontrollosensori7giroscopio.png]
[robnewtec.wordpress.com/wp-content/uploads/2022/03/giroscopiostampavelang..png]
[robnewtec.wordpress.com/wp-content/uploads/2022/01/ev3blocchimatematicievariabili1avariabili-1.png]
[robnewtec.wordpress.com/wp-content/uploads/2022/01/ev3blocchimatematicievariabili1variabili.png]
[robnewtec.wordpress.com/wp-content/uploads/2022/01/ev3blocchimatematicievariabilixx.png]
[robnewtec.wordpress.com/legoev3blocchi/GET]
[robnewtec.wordpress.com/legoev3blocchi/index.html]
[robnewtec.wordpress.com/wp-content/uploads/2016/10/lego1f405.png]
[robnewtec.wordpress.com/wp-content/uploads/2016/10/lego2f405.png]
[robnewtec.wordpress.com/wp-content/uploads/2016/10/lego3f405.png]
[robnewtec.wordpress.com/wp-content/uploads/2016/10/lego4f405.png]
[robnewtec.wordpress.com/wp-content/uploads/2016/10/lego5f405.png]
[robnewtec.wordpress.com/wp-content/uploads/2016/10/lego6f405.png]
[robnewtec.wordpress.com/wp-content/uploads/2016/10/lego7f405.png]
[robnewtec.wordpress.com/wp-content/uploads/2016/10/lego8f405.png]
[robnewtec.wordpress.com/wp-content/uploads/2016/10/lego9f405.png]
[robnewtec.wordpress.com/wp-content/uploads/2016/10/brixccsestacostantif405.png]
[robnewtec.wordpress.com/wp-content/uploads/2016/10/nxcripetizionef405.png]
[robnewtec.wordpress.com/wp-content/uploads/2016/10/nxcripetizione2f405.png]
[robnewtec.wordpress.com/wp-content/uploads/2016/10/brixccnonindentato4ffb.jpg]
[robnewtec.wordpress.com/wp-content/uploads/2016/10/brixccindentatocommentatof405.png]
[robnewtec.wordpress.com/wp-content/uploads/2016/10/nxcvariabiliec57.png]
[robnewtec.wordpress.com/wp-content/uploads/2016/10/nxcarrayf405.png]
[robnewtec.wordpress.com/wp-content/uploads/2016/10/nxccasualif405.png]
[robnewtec.wordpress.com/wp-content/uploads/2016/10/nxciff405.png]
[robnewtec.wordpress.com/wp-content/uploads/2016/10/nxcdof405.png]
[robnewtec.wordpress.com/wp-content/uploads/2016/10/nxcsensori1f405.png]
[robnewtec.wordpress.com/wp-content/uploads/2016/10/nxcsensori2f405.png]
[robnewtec.wordpress.com/wp-content/uploads/2016/10/nxcsensori3f405.png]
[robnewtec.wordpress.com/wp-content/uploads/2016/10/nxcsensori4f405.png]
[robnewtec.wordpress.com/wp-content/uploads/2016/10/nxcsensori5f405.png]
[robnewtec.wordpress.com/wp-content/uploads/2016/10/nxcsensori6f405.png]
[robnewtec.wordpress.com/wp-content/uploads/2016/10/tasksnoconflittoe104.png]
[robnewtec.wordpress.com/wp-content/uploads/2016/10/tasksbagliatof405.png]
[robnewtec.wordpress.com/wp-content/uploads/2016/10/taskgiustof405.png]
[robnewtec.wordpress.com/wp-content/uploads/2016/10/nxcsubroutinef405.png]
[robnewtec.wordpress.com/wp-content/uploads/2016/10/nxcsubroutineaxsf405.png]
[robnewtec.wordpress.com/wp-content/uploads/2016/10/nxcsubroutinedfrf405.png]
[robnewtec.wordpress.com/wp-content/uploads/2016/10/ncxsubroutineultimof405.png]
[robnewtec.wordpress.com/wp-content/uploads/2016/10/nxcmacro1f405.png]
[robnewtec.wordpress.com/wp-content/uploads/2016/10/nxcmacro2f405.png]
[robnewtec.wordpress.com/wp-content/uploads/2016/10/nxcmusica1f405.png]
[robnewtec.wordpress.com/wp-content/uploads/2016/10/nxcmusica2f405.png]
[robnewtec.wordpress.com/wp-content/uploads/2016/10/nxcmusica3f405.png]
[robnewtec.wordpress.com/wp-content/uploads/2016/10/nxcmotori1f405.png]
[robnewtec.wordpress.com/wp-content/uploads/2016/10/nxcmotori2f405.png]
[robnewtec.wordpress.com/wp-content/uploads/2016/10/nxcmotori3f405.png]
[robnewtec.wordpress.com/wp-content/uploads/2016/10/nxcmotori4f405.png]
[robnewtec.wordpress.com/wp-content/uploads/2016/10/nxcmotori5f405.png]
[robnewtec.wordpress.com/wp-content/uploads/2016/10/nxcsensoriav1f405.png]
[robnewtec.wordpress.com/wp-content/uploads/2016/10/nxcsensoriav2f405.png]
[robnewtec.wordpress.com/wp-content/uploads/2016/10/nxcsensoriav3f405.png]
[robnewtec.wordpress.com/wp-content/uploads/2016/10/nomutexpausaf405.png]
[robnewtec.wordpress.com/wp-content/uploads/2016/10/mutexpausa91ba.png]
[robnewtec.wordpress.com/wp-content/uploads/2016/10/nxctaskpar3f405.png]
[robnewtec.wordpress.com/wp-content/uploads/2016/10/nxctaskpar4f405.png]
[robnewtec.wordpress.com/wp-content/uploads/2016/10/nxccom1f405.png]
[robnewtec.wordpress.com/wp-content/uploads/2016/10/nxccom2f405.png]
[robnewtec.wordpress.com/wp-content/uploads/2016/10/nxcconn3f405.png]
[robnewtec.wordpress.com/wp-content/uploads/2016/10/nxcconn4f405.png]
[robnewtec.wordpress.com/wp-content/uploads/2016/10/nxctask3af405.png]
[robnewtec.wordpress.com/wp-content/uploads/2016/10/nxcult1f405.png]
[robnewtec.wordpress.com/wp-content/uploads/2016/10/ncxult2f405.png]
[robnewtec.wordpress.com/wp-content/uploads/2016/10/nxcult3f405.png]
[robnewtec.wordpress.com/wp-content/uploads/2016/10/ncxult4f405.png]
[robnewtec.wordpress.com/wp-content/uploads/2016/10/nxcult5f405.png]
[robnewtec.wordpress.com/wp-content/uploads/2016/10/nxcult6f405.png]
[robnewtec.wordpress.com/wp-content/uploads/2016/10/nxcult7f405.png]
[robnewtec.wordpress.com/corso-nxc/GET]
[robnewtec.wordpress.com/corso-nxc/index.html]
[robnewtec.wordpress.com/wp-content/uploads/2018/08/sceltalegof405.png]
[robnewtec.wordpress.com/wp-content/uploads/2018/08/sceltakernel1f405.png]
[robnewtec.wordpress.com/wp-content/uploads/2018/08/sceltafirmwaref405.png]
[robnewtec.wordpress.com/wp-content/uploads/2018/08/communicationlinkf405.png]
[robnewtec.wordpress.com/wp-content/uploads/2018/08/sceltaconnessionef405.png]
[robnewtec.wordpress.com/wp-content/uploads/2018/08/schermoevebluetoothf405.png]
[robnewtec.wordpress.com/wp-content/uploads/2018/08/schermoev3passwordf405.png]
[robnewtec.wordpress.com/wp-content/uploads/2018/08/aprifileesempiof405.png]
[robnewtec.wordpress.com/wp-content/uploads/2018/08/salvafileesistentef405.png]
[robnewtec.wordpress.com/wp-content/uploads/2018/08/creanuovofilef405.png]
[robnewtec.wordpress.com/wp-content/uploads/2018/08/motorsensorsetupf405.png]
[robnewtec.wordpress.com/wp-content/uploads/2018/08/configurazionemotorisensorif405.png]
[robnewtec.wordpress.com/wp-content/uploads/2018/08/motorif405.png]
[robnewtec.wordpress.com/wp-content/uploads/2018/08/sensorif405.png]
[robnewtec.wordpress.com/robotc/GET]
[robnewtec.wordpress.com/robotc/index.html]
[robnewtec.wordpress.com/robotc-blocchi/index.html]
[robnewtec.wordpress.com/robotc-2/index.html]
[robnewtec.wordpress.com/wp-content/uploads/2016/10/nxtimmaginedibasef405.png]
[robnewtec.wordpress.com/wp-content/uploads/2016/10/350px-nxt_motorf405.jpg]
[robnewtec.wordpress.com/wp-content/uploads/2016/10/350px-nxtmotorcutaway1f405.jpg]
[robnewtec.wordpress.com/wp-content/uploads/2016/10/nxtmotoreesploso187ae.jpg]
[robnewtec.wordpress.com/wp-content/uploads/2016/10/nxtmotoreesplosoc153.jpg]
[robnewtec.wordpress.com/wp-content/uploads/2016/10/encoderf405.gif]
[robnewtec.wordpress.com/wp-content/uploads/2016/10/nxtlightsensorf405.jpg]
[robnewtec.wordpress.com/wp-content/uploads/2016/10/nxt-sound-sensor9e36.png]
[robnewtec.wordpress.com/wp-content/uploads/2016/10/350px-nxttouchsensor64dc.jpg]
[robnewtec.wordpress.com/wp-content/uploads/2016/10/nxtultrasonicsensor0cae.jpg]
[robnewtec.wordpress.com/lego-nxt/GET]
[robnewtec.wordpress.com/lego-nxt/index.html]
[robnewtec.wordpress.com/wp-content/uploads/2016/12/color-sensor-w17650.jpg]
[robnewtec.wordpress.com/wp-content/uploads/2016/12/rdg_colorsensorf405.jpg]
[robnewtec.wordpress.com/il-sensore-di-colore/GET]
[robnewtec.wordpress.com/il-sensore-di-colore/index.html]
[robnewtec.wordpress.com/arduino/GET]
[robnewtec.wordpress.com/arduino/index.html]
[robnewtec.wordpress.com/wp-content/uploads/2016/09/unor3pinoutf405.png]
[robnewtec.wordpress.com/uno-pinout/GET]
[robnewtec.wordpress.com/uno-pinout/index.html]
[robnewtec.wordpress.com/wp-content/uploads/2016/09/unor3blocksf405.jpg]
[robnewtec.wordpress.com/uno-r3-schematic-reference/GET.f4.delayed]
[robnewtec.wordpress.com/uno-r3-schematic-reference/index.html]
[robnewtec.wordpress.com/wp-content/uploads/2016/09/arduinoteam593d.jpg]
[robnewtec.wordpress.com/wp-content/uploads/2016/09/openhardwaref405.png]
[robnewtec.wordpress.com/wp-content/uploads/2016/09/nano1f405.jpg]
[robnewtec.wordpress.com/wp-content/uploads/2016/09/due1f405.jpg]
[robnewtec.wordpress.com/wp-content/uploads/2016/09/megaf405.jpg]
[robnewtec.wordpress.com/wp-content/uploads/2016/09/lilypadf405.png]
[robnewtec.wordpress.com/wp-content/uploads/2016/09/tre101b2.jpg]
[robnewtec.wordpress.com/wp-content/uploads/2016/09/robota798.jpg]
[robnewtec.wordpress.com/wp-content/uploads/2016/09/arduinouno_r3_commentatof405.png]
[robnewtec.wordpress.com/wp-content/uploads/2016/09/arduinouno_r3pwmf405.jpg]
[robnewtec.wordpress.com/wp-content/uploads/2016/09/pwmf405.jpg]
[robnewtec.wordpress.com/wp-content/uploads/2016/09/arduinouno_r3accessorif405.jpg]
[robnewtec.wordpress.com/wp-content/uploads/2016/09/arduino_cablatof405.jpg]
[robnewtec.wordpress.com/wp-content/uploads/2016/09/dupontf405.jpg]
[robnewtec.wordpress.com/wp-content/uploads/2016/09/strip3f405.jpg]
[robnewtec.wordpress.com/wp-content/uploads/2016/09/arduinostripmaschiof405.jpg]
[robnewtec.wordpress.com/wp-content/uploads/2016/09/450px-arduino_shieldf405.jpg]
[robnewtec.wordpress.com/wp-content/uploads/2016/09/758px-arduinowithethernetshieldf405.jpg]
[robnewtec.wordpress.com/wp-content/uploads/2016/09/800px-arduinolcdshield8378.gif]
[robnewtec.wordpress.com/wp-content/uploads/2016/09/sdcard2cb6.jpg]
[robnewtec.wordpress.com/wp-content/uploads/2016/09/motor39e4.jpg]
[robnewtec.wordpress.com/wp-content/uploads/2016/09/gpsd077.jpg]
[robnewtec.wordpress.com/wp-content/uploads/2016/09/shieldstackf1b1.jpg]
[robnewtec.wordpress.com/wp-content/uploads/2016/09/arduinoconnessodbbd.jpg]
[robnewtec.wordpress.com/wp-content/uploads/2016/09/arduinoidevuota1f405.jpg]
[robnewtec.wordpress.com/wp-content/uploads/2016/09/arduinoiconasalvaf405.png]
[robnewtec.wordpress.com/wp-content/uploads/2016/09/arduinoiconacaricaf405.png]
[robnewtec.wordpress.com/wp-content/uploads/2016/09/arduinoiconanuovof405.png]
[robnewtec.wordpress.com/wp-content/uploads/2016/09/arduinoiconacompila2f405.png]
[robnewtec.wordpress.com/wp-content/uploads/2016/09/461px-arduinoideerroref405.jpg]
[robnewtec.wordpress.com/wp-content/uploads/2016/09/arduinoiconacompilaf405.png]
[robnewtec.wordpress.com/wp-content/uploads/2016/09/monitorserf405.png]
[robnewtec.wordpress.com/wp-content/uploads/2016/09/arduinoserialmonitorf405.jpg]
[robnewtec.wordpress.com/wp-content/uploads/2016/09/arduinobareminimumf405.jpg]
[robnewtec.wordpress.com/wp-content/uploads/2016/09/522px-arduinoblinkf405.jpg]
[robnewtec.wordpress.com/wp-content/uploads/2016/09/arduinosemaforoled1f405.jpg]
[robnewtec.wordpress.com/wp-content/uploads/2016/09/arduinosemaforoled2f405.jpg]
[robnewtec.wordpress.com/wp-content/uploads/2016/09/aaresistenze_1f405.jpg]
[robnewtec.wordpress.com/wp-content/uploads/2016/09/arduinosemaforofritzinngf405.jpg]
[robnewtec.wordpress.com/wp-content/uploads/2016/09/576px-misurariflessi_bb1f405.jpg]
[robnewtec.wordpress.com/wp-content/uploads/2016/09/800px-misuratensionebatteria_bbf405.jpg]
[robnewtec.wordpress.com/wp-content/uploads/2016/09/548px-semaforo-comunicazioni_bbf405.jpg]
[robnewtec.wordpress.com/wp-content/uploads/2016/09/pwm2f405.gif]
[robnewtec.wordpress.com/wp-content/uploads/2016/09/potenziometrocostruttivo937c.jpg]
[robnewtec.wordpress.com/wp-content/uploads/2016/09/potenziometroconcettualeebea.jpg]
[robnewtec.wordpress.com/wp-content/uploads/2016/09/543px-pwmledpotenziometro_bbf405.jpg]
[robnewtec.wordpress.com/wp-content/uploads/2016/09/arduinobjtf405.gif]
[robnewtec.wordpress.com/wp-content/uploads/2016/09/636px-pwmtransistorpotenziometro_bbf405.jpg]
[robnewtec.wordpress.com/wp-content/uploads/2016/09/bc337f405.png]
[robnewtec.wordpress.com/corso-base/GET]
[robnewtec.wordpress.com/corso-base/index.html]
[robnewtec.wordpress.com/wp-content/uploads/2024/11/alvikdisconnesso-1d494.png]
[robnewtec.wordpress.com/wp-content/uploads/2024/11/alvikuploadbeda.png]
[robnewtec.wordpress.com/wp-content/uploads/2024/11/alvikupdateda12c.png]
[robnewtec.wordpress.com/arduino-alvik/GET]
[robnewtec.wordpress.com/arduino-alvik/index.html]
[robnewtec.wordpress.com/software-per-la-didattica/GET]
[robnewtec.wordpress.com/software-per-la-didattica/index.html]
[robnewtec.wordpress.com/wp-content/uploads/2025/11/bambustudioiniziale2dff.png]
[robnewtec.wordpress.com/wp-content/uploads/2025/11/bambuaggiorna0b24.png]
[robnewtec.wordpress.com/wp-content/uploads/2025/11/bambulogin14f8.png]
[robnewtec.wordpress.com/wp-content/uploads/2025/11/bambuloggato4176.png]
[robnewtec.wordpress.com/wp-content/uploads/2025/11/bambuprepareiconaddd4.png]
[robnewtec.wordpress.com/wp-content/uploads/2025/11/bambuprepare2dff.png]
[robnewtec.wordpress.com/wp-content/uploads/2025/11/bambupreparecubo82a8.png]
[robnewtec.wordpress.com/wp-content/uploads/2025/11/bambupreparefile1b7c.png]
[robnewtec.wordpress.com/wp-content/uploads/2025/11/bambuprepareoggetto5713.png]
[robnewtec.wordpress.com/wp-content/uploads/2025/11/bambustudioiconepiattoee67.png]
[robnewtec.wordpress.com/wp-content/uploads/2025/11/bambustudioiconaaggiusta5d93.png]
[robnewtec.wordpress.com/wp-content/uploads/2025/11/bambustudioiconabloccaddda.png]
[robnewtec.wordpress.com/wp-content/uploads/2025/11/bambustudioiconasistemaddda.png]
[robnewtec.wordpress.com/wp-content/uploads/2025/11/bambustudioiconaruota050f.png]
[robnewtec.wordpress.com/wp-content/uploads/2025/11/bambustudioiconascalaa6ce.png]
[robnewtec.wordpress.com/wp-content/uploads/2025/11/bambustudioiconascalavaloribe5c.png]
[robnewtec.wordpress.com/wp-content/uploads/2025/11/bambustudiosettaggi467a.png]
[robnewtec.wordpress.com/wp-content/uploads/2025/11/bambustudionozzle82f4.png]
[robnewtec.wordpress.com/wp-content/uploads/2025/11/bambustudiofilamentibaaf.png]
[robnewtec.wordpress.com/wp-content/uploads/2025/11/bambustudioaltezzalayerc95f.png]
[robnewtec.wordpress.com/wp-content/uploads/2025/11/bambustudioquality7595.png]
[robnewtec.wordpress.com/wp-content/uploads/2025/11/bambustudiostrength7595.png]
[robnewtec.wordpress.com/wp-content/uploads/2025/11/bambustudiosupport7595.png]
[robnewtec.wordpress.com/wp-content/uploads/2025/11/bambustudiosupporto2dff.png]
[robnewtec.wordpress.com/wp-content/uploads/2025/11/bambustudiosupportomesso2dff.png]
[robnewtec.wordpress.com/wp-content/uploads/2025/11/bambustudiosupportenabled692.png]
[robnewtec.wordpress.com/wp-content/uploads/2025/11/bambustudioadesione0ba3.png]
[robnewtec.wordpress.com/wp-content/uploads/2025/11/bambustudioadesione28727.png]
[robnewtec.wordpress.com/wp-content/uploads/2025/11/bambustudioadesione316b4.png]
[robnewtec.wordpress.com/wp-content/uploads/2025/11/bambustudioslice5a42.png]
[robnewtec.wordpress.com/wp-content/uploads/2025/11/bambustudioslice22dff.png]
[robnewtec.wordpress.com/wp-content/uploads/2025/11/bambustudiostampa50b9.png]
[robnewtec.wordpress.com/wp-content/uploads/2025/11/bambustudiocamera2dff.png]
[robnewtec.wordpress.com/bambustudio/GET]
[robnewtec.wordpress.com/bambustudio/index.html]
[robnewtec.wordpress.com/wp-content/uploads/2019/08/freecad.jpg]
[robnewtec.wordpress.com/wp-content/uploads/2021/09/freecadambienti.png]
[robnewtec.wordpress.com/wp-content/uploads/2021/09/freecadcomesinaviga-1.png]
[robnewtec.wordpress.com/wp-content/uploads/2021/09/freecadpartgenerale.png]
[robnewtec.wordpress.com/wp-content/uploads/2021/09/freecadparticoneprimitive.png]
[robnewtec.wordpress.com/wp-content/uploads/2021/09/freecadpartprimitivaaggiunta.png]
[robnewtec.wordpress.com/wp-content/uploads/2021/09/freecadpartprimitiveaggiunte.png]
[robnewtec.wordpress.com/wp-content/uploads/2021/09/freecadparticonebooleaneprimitive.png]
[robnewtec.wordpress.com/wp-content/uploads/2021/09/freecadpartsferamenocubo.png]
[robnewtec.wordpress.com/wp-content/uploads/2021/09/freecadpartsottrazionebooleana-1.png]
[robnewtec.wordpress.com/wp-content/uploads/2021/09/freecadpartcut.png]
[robnewtec.wordpress.com/wp-content/uploads/2021/09/freecadpartsomma2-1.png]
[robnewtec.wordpress.com/wp-content/uploads/2021/09/freecadpartsomma.png]
[robnewtec.wordpress.com/wp-content/uploads/2021/09/freecadpartsomma2parti-1.png]
[robnewtec.wordpress.com/wp-content/uploads/2021/09/freecadpartvista.png]
[robnewtec.wordpress.com/wp-content/uploads/2021/09/freecadpartgvista.png]
[robnewtec.wordpress.com/wp-content/uploads/2025/11/calibro.png]
[robnewtec.wordpress.com/wp-content/uploads/2025/11/misuregenericoc6eb.png]
[robnewtec.wordpress.com/wp-content/uploads/2025/11/misuremenu-1c6eb.png]
[robnewtec.wordpress.com/wp-content/uploads/2025/11/misureaschermoc6eb.png]
[robnewtec.wordpress.com/wp-content/uploads/2025/11/scalaicona.png]
[robnewtec.wordpress.com/wp-content/uploads/2025/11/scala-1-e1762771162599f405.png]
[robnewtec.wordpress.com/wp-content/uploads/2021/09/freecadpartcubospigolivivi.png]
[robnewtec.wordpress.com/wp-content/uploads/2021/09/freecadpartfillet.png]
[robnewtec.wordpress.com/wp-content/uploads/2021/09/freecadpartfilletcuboprima.png]
[robnewtec.wordpress.com/wp-content/uploads/2021/09/freecadpartfilletcubodopo.png]
[robnewtec.wordpress.com/wp-content/uploads/2021/09/freecadpartchamfer.png]
[robnewtec.wordpress.com/wp-content/uploads/2021/09/freecadpartchamferprima-1.png]
[robnewtec.wordpress.com/wp-content/uploads/2021/09/freecadpartchamferdopo.png]
[robnewtec.wordpress.com/wp-content/uploads/2021/09/freecadsketchiconasketch.png]
[robnewtec.wordpress.com/wp-content/uploads/2021/09/freecadsketchiconasketchpiano.png]
[robnewtec.wordpress.com/wp-content/uploads/2021/09/freecadsketch1.png]
[robnewtec.wordpress.com/wp-content/uploads/2025/11/sketcherlinea.png]
[robnewtec.wordpress.com/wp-content/uploads/2025/11/sketcherarco.png]
[robnewtec.wordpress.com/wp-content/uploads/2025/11/sketchercerchio.png]
[robnewtec.wordpress.com/wp-content/uploads/2025/11/sketcherspine.png]
[robnewtec.wordpress.com/wp-content/uploads/2025/11/sketcherpoli.png]
[robnewtec.wordpress.com/wp-content/uploads/2025/11/sketcherrett.png]
[robnewtec.wordpress.com/wp-content/uploads/2025/11/sketcherpoligono.png]
[robnewtec.wordpress.com/wp-content/uploads/2025/11/sketchervvertorizz.png]
[robnewtec.wordpress.com/wp-content/uploads/2025/11/sketchervparall.png]
[robnewtec.wordpress.com/wp-content/uploads/2025/11/sketchervperp.png]
[robnewtec.wordpress.com/wp-content/uploads/2025/11/sketchervdistanze.png]
[robnewtec.wordpress.com/wp-content/uploads/2021/09/freecadsketchestrudi.png]
[robnewtec.wordpress.com/wp-content/uploads/2021/09/freecadsketchestrudi2.png]
[robnewtec.wordpress.com/wp-content/uploads/2021/10/freecaddraft1.png]
[robnewtec.wordpress.com/wp-content/uploads/2021/10/freecaddraft2.png]
[robnewtec.wordpress.com/wp-content/uploads/2021/10/freecaddraft3.png]
[robnewtec.wordpress.com/wp-content/uploads/2021/10/freecaddraft4.png]
[robnewtec.wordpress.com/wp-content/uploads/2021/10/freecaddraft5.png]
[robnewtec.wordpress.com/wp-content/uploads/2021/09/spreadsheet1.png]
[robnewtec.wordpress.com/wp-content/uploads/2021/09/spreadsheet3.png]
[robnewtec.wordpress.com/wp-content/uploads/2021/09/spreadsheet4.png]
[robnewtec.wordpress.com/wp-content/uploads/2021/09/spreadsheet5.png]
[robnewtec.wordpress.com/wp-content/uploads/2021/09/spreadsheet5a.png]
[robnewtec.wordpress.com/wp-content/uploads/2021/09/spreadsheet6.png]
[robnewtec.wordpress.com/wp-content/uploads/2021/09/spreadsheet6a.png]
[robnewtec.wordpress.com/wp-content/uploads/2019/08/maxresdefault.jpg]
[robnewtec.wordpress.com/wp-content/uploads/2019/08/snapshot.png]
[robnewtec.wordpress.com/wp-content/uploads/2019/08/maxresdefault2.jpg]
[robnewtec.wordpress.com/wp-content/uploads/2021/10/freecadesercizio-12dff.png]
[robnewtec.wordpress.com/freecad/GET]
[robnewtec.wordpress.com/freecad/index.html]
[robnewtec.wordpress.com/wp-content/uploads/2019/08/tinker_iscriviti39c9.png]
[robnewtec.wordpress.com/wp-content/uploads/2019/08/tinker_account_personale7da4.png]
[robnewtec.wordpress.com/wp-content/uploads/2019/08/tinker_datipersonali-1e77f.png]
[robnewtec.wordpress.com/wp-content/uploads/2019/08/tinker_creaaccounte38f.png]
[robnewtec.wordpress.com/wp-content/uploads/2019/08/tinker_creaaccountmaggiorenne-2c09e.png]
[robnewtec.wordpress.com/wp-content/uploads/2019/08/tinker_accountcreato8366.png]
[robnewtec.wordpress.com/wp-content/uploads/2019/08/tinkercad_scelta-inizialef405.png]
[robnewtec.wordpress.com/wp-content/uploads/2019/08/tinkerlezionistarter-1f405.png]
[robnewtec.wordpress.com/wp-content/uploads/2019/08/tinkercad_escidaapprendimentof405.png]
[robnewtec.wordpress.com/wp-content/uploads/2020/03/tinker_progetti3d5903.png]
[robnewtec.wordpress.com/wp-content/uploads/2020/03/tinker_circuiti7321.png]
[robnewtec.wordpress.com/wp-content/uploads/2020/03/tinker_codeblocks0881.png]
[robnewtec.wordpress.com/tinkercad/GET]
[robnewtec.wordpress.com/tinkercad/index.html]
[robnewtec.wordpress.com/tinkercad-codeblocks/index.html]
[robnewtec.wordpress.com/tinkercad-progetti-3d-2/index.html]
[robnewtec.wordpress.com/tinkercad-circuits/index.html]
[robnewtec.wordpress.com/wp-content/uploads/2016/09/blender_inizialef405.jpg]
[robnewtec.wordpress.com/blender/GET]
[robnewtec.wordpress.com/blender/index.html]
[robnewtec.wordpress.com/wp-content/uploads/2024/11/onshapecorsi12dff.png]
[robnewtec.wordpress.com/wp-content/uploads/2024/11/onshapecorsivideo2dff.png]
[robnewtec.wordpress.com/wp-content/uploads/2024/11/onshapedocumentazione2dff.png]
[robnewtec.wordpress.com/wp-content/uploads/2024/11/onshapequickstart2dff.png]
[robnewtec.wordpress.com/wp-content/uploads/2025/11/onshapeentrata2dff.png]
[robnewtec.wordpress.com/wp-content/uploads/2025/11/onshapecreate2dff.png]
[robnewtec.wordpress.com/wp-content/uploads/2025/11/onshapeselezionapiano2dff.png]
[robnewtec.wordpress.com/wp-content/uploads/2025/11/onshapeselezionapianon2dff.png]
[robnewtec.wordpress.com/wp-content/uploads/2025/11/onshapesketch4971.png]
[robnewtec.wordpress.com/wp-content/uploads/2025/11/onshapesketch191ea.png]
[robnewtec.wordpress.com/wp-content/uploads/2025/11/onshapesketch22dff.png]
[robnewtec.wordpress.com/wp-content/uploads/2025/11/onshapesketch38ba3.png]
[robnewtec.wordpress.com/wp-content/uploads/2025/11/onshapesketch42dff.png]
[robnewtec.wordpress.com/wp-content/uploads/2025/11/onshapeextrude176ca.png]
[robnewtec.wordpress.com/wp-content/uploads/2025/11/onshapeextrude22b77.png]
[robnewtec.wordpress.com/wp-content/uploads/2025/11/onshapeextrude32b77.png]
[robnewtec.wordpress.com/wp-content/uploads/2025/11/onshapesketch52b77.png]
[robnewtec.wordpress.com/wp-content/uploads/2025/11/onshapesketch5-1195a.png]
[robnewtec.wordpress.com/wp-content/uploads/2025/11/onshapesketch62dff.png]
[robnewtec.wordpress.com/wp-content/uploads/2025/11/onshapeextrude42dff.png]
[robnewtec.wordpress.com/wp-content/uploads/2025/11/onshapeextrude52dff.png]
[robnewtec.wordpress.com/wp-content/uploads/2025/11/onshaperevolve033fb.png]
[robnewtec.wordpress.com/wp-content/uploads/2025/11/onshaperevolve12dff.png]
[robnewtec.wordpress.com/wp-content/uploads/2025/11/onshaperevolve2fe51.png]
[robnewtec.wordpress.com/wp-content/uploads/2025/11/onshaperevolve3c0aa.png]
[robnewtec.wordpress.com/wp-content/uploads/2025/11/onshaperevolve42dff.png]
[robnewtec.wordpress.com/onshape/GET]
[robnewtec.wordpress.com/onshape/index.html]
[robnewtec.wordpress.com/wp-content/uploads/2024/10/sugar1d2e3.png]
[robnewtec.wordpress.com/wp-content/uploads/2024/10/sugar22dff.png]
[robnewtec.wordpress.com/wp-content/uploads/2024/10/sugar3kid2dff.png]
[robnewtec.wordpress.com/wp-content/uploads/2025/11/sugarcadkidsmenusopra24f6.png]
[robnewtec.wordpress.com/wp-content/uploads/2025/11/sugarcadkidsmenusoprafilecrea04c0.png]
[robnewtec.wordpress.com/wp-content/uploads/2025/11/sugarcadkidsmenusoprafileapri-3ea8b.png]
[robnewtec.wordpress.com/wp-content/uploads/2025/11/sugarcadkidsmenusoprafilesalvaea8b.png]
[robnewtec.wordpress.com/wp-content/uploads/2025/11/sugarcadkidsmenusoprafilenomefilefabe.png]
[robnewtec.wordpress.com/wp-content/uploads/2025/11/sugarcadkidlente5562.png]
[robnewtec.wordpress.com/wp-content/uploads/2025/11/sugarcadkidshome5562.png]
[robnewtec.wordpress.com/wp-content/uploads/2025/11/sugarcadkidsgomma5562.png]
[robnewtec.wordpress.com/wp-content/uploads/2025/11/sugarcadkidscestino5562.png]
[robnewtec.wordpress.com/wp-content/uploads/2025/11/sugarcadkidsgeometricheb2b6.png]
[robnewtec.wordpress.com/wp-content/uploads/2024/10/sugar3kidgeometriche2dff.png]
[robnewtec.wordpress.com/wp-content/uploads/2025/11/sugarcadkidsgeometrichevarie7d76.png]
[robnewtec.wordpress.com/wp-content/uploads/2025/11/sugarcadkidsgeometrichemenusx35f7.png]
[robnewtec.wordpress.com/wp-content/uploads/2025/11/sugarcadkidsgeometrichecubo9e2b.png]
[robnewtec.wordpress.com/wp-content/uploads/2025/11/sugarcadkidsgeometrichemenusottocf86.png]
[robnewtec.wordpress.com/wp-content/uploads/2025/11/sugarcadkidsgeometricherotella5648.png]
[robnewtec.wordpress.com/wp-content/uploads/2025/11/sugarcadkidsgeometrichecestinocaa9.png]
[robnewtec.wordpress.com/wp-content/uploads/2025/11/sugarcadkidsgeometricheconoae05.png]
[robnewtec.wordpress.com/wp-content/uploads/2025/11/sugarcadkidsgeometrichebottigliaae05.png]
[robnewtec.wordpress.com/wp-content/uploads/2025/11/sugarcadkidsgeometrichecono2caa9.png]
[robnewtec.wordpress.com/wp-content/uploads/2025/11/sugarcadkidsgeometrichecono3a6ce.png]
[robnewtec.wordpress.com/wp-content/uploads/2025/11/sugarcadkidsgeometricheexport04c0.png]
[robnewtec.wordpress.com/wp-content/uploads/2025/11/sugarcadkidsgeometricheexport203f9.png]
[robnewtec.wordpress.com/wp-content/uploads/2024/10/sugar3base2dff.png]
[robnewtec.wordpress.com/wp-content/uploads/2024/10/sugar3avanzato2dff.png]
[robnewtec.wordpress.com/wp-content/uploads/2025/11/sugarcadavanzatirotazione2dff.png]
[robnewtec.wordpress.com/wp-content/uploads/2025/11/sugarcadavanzatiestrusione2dff.png]
[robnewtec.wordpress.com/wp-content/uploads/2025/11/sugarcadavanzatiblocchi2dff.png]
[robnewtec.wordpress.com/wp-content/uploads/2024/10/sugar3manuale25d5.png]
[robnewtec.wordpress.com/sugarcad/GET]
[robnewtec.wordpress.com/sugarcad/index.html]
[robnewtec.wordpress.com/progetti-hardware-software/GET.1d7.delayed]
[robnewtec.wordpress.com/progetti-hardware-software/index.html]
[robnewtec.wordpress.com/wp-content/uploads/2016/10/dolcinohk1d23f.png]
[robnewtec.wordpress.com/wp-content/uploads/2016/10/dolcinohk24ea7.png]
[robnewtec.wordpress.com/wp-content/uploads/2016/10/dolcinohk392b5.png]
[robnewtec.wordpress.com/wp-content/uploads/2016/10/arduino-uno-r37601.jpg]
[robnewtec.wordpress.com/wp-content/uploads/2016/10/sensorshield-5x4ff9.jpg]
[robnewtec.wordpress.com/wp-content/uploads/2016/10/pontehdolcino41f1.jpg]
[robnewtec.wordpress.com/wp-content/uploads/2016/10/adafruitrgbd7c9.jpg]
[robnewtec.wordpress.com/wp-content/uploads/2016/10/cd4052bf405.jpg]
[robnewtec.wordpress.com/wp-content/uploads/2016/10/cd4052bconnessionif405.png]
[robnewtec.wordpress.com/wp-content/uploads/2016/10/montaggiosensoricolorefdef.jpg]
[robnewtec.wordpress.com/wp-content/uploads/2016/10/whatsapp-image-2016-11-19-at-11-44-041c5c5.jpg]
[robnewtec.wordpress.com/wp-content/uploads/2016/10/sr04c8dc.jpg]
[robnewtec.wordpress.com/wp-content/uploads/2016/10/whatsapp-image-2016-11-19-at-19-16-06f405.jpg]
[robnewtec.wordpress.com/dolcino/GET]
[robnewtec.wordpress.com/dolcino/index.html]
[robnewtec.wordpress.com/wp-content/uploads/2019/08/motorecnc70e0.jpg]
[robnewtec.wordpress.com/wp-content/uploads/2019/08/kitcnc537e.png]
[robnewtec.wordpress.com/wp-content/uploads/2019/08/spindlecnc964c.png]
[robnewtec.wordpress.com/wp-content/uploads/2019/08/alimentatorecncf2f6.jpg]
[robnewtec.wordpress.com/wp-content/uploads/2019/08/schedacnc2f405.png]
[robnewtec.wordpress.com/wp-content/uploads/2019/08/screenshot_cncf405.png]
[robnewtec.wordpress.com/wp-content/uploads/2019/08/cncf405.jpg]
[robnewtec.wordpress.com/fresa-cnc/GET]
[robnewtec.wordpress.com/fresa-cnc/index.html]
[robnewtec.wordpress.com/astronomia-con-le-nuove-tecnologie-2/GET]
[robnewtec.wordpress.com/astronomia-con-le-nuove-tecnologie-2/index.html]
[robnewtec.wordpress.com/wp-content/uploads/2020/02/meridiana2772c.jpg]
[robnewtec.wordpress.com/wp-content/uploads/2020/02/meridiana-orologio-solare-stampa-3d1568.jpg]
[robnewtec.wordpress.com/meridiana-digitale/GET]
[robnewtec.wordpress.com/meridiana-digitale/index.html]
[robnewtec.wordpress.com/wp-content/uploads/2023/02/totale68fb.jpg]
[robnewtec.wordpress.com/montatura-equatoriale/GET]
[robnewtec.wordpress.com/montatura-equatoriale/index.html]
[robnewtec.wordpress.com/wp-content/uploads/2020/02/eudossof405.png]
[robnewtec.wordpress.com/wp-content/uploads/2020/02/tolomeof405.png]
[robnewtec.wordpress.com/wp-content/uploads/2020/02/copernicof405.png]
[robnewtec.wordpress.com/wp-content/uploads/2020/02/tychof405.png]
[robnewtec.wordpress.com/wp-content/uploads/2020/02/keplerof405.png]
[robnewtec.wordpress.com/wp-content/uploads/2020/02/motiapparentif405.png]
[robnewtec.wordpress.com/wp-content/uploads/2020/02/satellitigiovef405.png]
[robnewtec.wordpress.com/wp-content/uploads/2020/04/planetariof405.png]
[robnewtec.wordpress.com/wp-content/uploads/2020/04/retrogradof405.png]
[robnewtec.wordpress.com/astronomia-con-le-nuove-tecnologie/GET]
[robnewtec.wordpress.com/astronomia-con-le-nuove-tecnologie/index.html]
[robnewtec.wordpress.com/wp-content/uploads/2019/08/puntatore-1f405.jpg]
[robnewtec.wordpress.com/wp-content/uploads/2020/02/puntatoreschermo5e1d.jpg]
[robnewtec.wordpress.com/wp-content/uploads/2019/08/montatura_equatorialef405.jpg]
[robnewtec.wordpress.com/wp-content/uploads/2019/08/screenshot_motatura_eqatorialef405.png]
[robnewtec.wordpress.com/puntatore-astronomico/GET]
[robnewtec.wordpress.com/puntatore-astronomico/index.html]
[robnewtec.wordpress.com/installazione-del-software/GET]
[robnewtec.wordpress.com/installazione-del-software/index.html]
[robnewtec.wordpress.com/mondi-virtuali/GET]
[robnewtec.wordpress.com/mondi-virtuali/index.html]
[robnewtec.wordpress.com/mondi-virtuali-creazione-di-oggetti-e-contenuti/GET]
[robnewtec.wordpress.com/mondi-virtuali-creazione-di-oggetti-e-contenuti/index.html]
[robnewtec.wordpress.com/mondi-virtuali-gestione-del-server/GET]
[robnewtec.wordpress.com/mondi-virtuali-gestione-del-server/index.html]
[robnewtec.wordpress.com/mondi-virtuali-linguaggio-di-scripting/GET]
[robnewtec.wordpress.com/mondi-virtuali-linguaggio-di-scripting/index.html]
[robnewtec.wordpress.com/wp-content/uploads/2021/09/scratch12dff.png]
[robnewtec.wordpress.com/wp-content/uploads/2021/09/scratch22dff.png]
[robnewtec.wordpress.com/wp-content/uploads/2021/09/scratschsceltalingua326d.png]
[robnewtec.wordpress.com/wp-content/uploads/2021/09/scratch42dff.png]
[robnewtec.wordpress.com/wp-content/uploads/2021/09/scratch52dff.png]
[robnewtec.wordpress.com/wp-content/uploads/2021/09/scratch62dff.png]
[robnewtec.wordpress.com/wp-content/uploads/2021/09/scratch72dff.png]
[robnewtec.wordpress.com/wp-content/uploads/2021/09/scratch82dff.png]
[robnewtec.wordpress.com/wp-content/uploads/2021/09/scratchsituazioni19b0.png]
[robnewtec.wordpress.com/wp-content/uploads/2021/09/scratchbandieraverde453c.png]
[robnewtec.wordpress.com/wp-content/uploads/2021/09/scratchtasto453c.png]
[robnewtec.wordpress.com/wp-content/uploads/2021/09/scratchmicro453c.png]
[robnewtec.wordpress.com/wp-content/uploads/2021/09/scratch998b2.png]
[robnewtec.wordpress.com/wp-content/uploads/2021/09/scratch10e52a.png]
[robnewtec.wordpress.com/wp-content/uploads/2021/09/scratch11quadratociclo-28346.png]
[robnewtec.wordpress.com/wp-content/uploads/2021/09/scratch12c26a.png]
[robnewtec.wordpress.com/wp-content/uploads/2021/09/scratch13paginaestensioni2dff.png]
[robnewtec.wordpress.com/wp-content/uploads/2021/09/scratchestensione2525e.png]
[robnewtec.wordpress.com/wp-content/uploads/2021/09/scratchpennagiu7c78.png]
[robnewtec.wordpress.com/scratch/GET]
[robnewtec.wordpress.com/scratch/index.html]
[robnewtec.wordpress.com/ausili-ai-corsi/GET.21c.delayed]
[robnewtec.wordpress.com/ausili-ai-corsi/index.html]
[robnewtec.wordpress.com/wp-content/uploads/2024/12/velocitacostantea382.png]
[robnewtec.wordpress.com/wp-content/uploads/2024/12/accelerazionenociclob0d6.png]
[robnewtec.wordpress.com/wp-content/uploads/2024/12/pendolonovariabili4a15.png]
[robnewtec.wordpress.com/wp-content/uploads/2024/12/quadratonogiroscopio1ecc.png]
[robnewtec.wordpress.com/wp-content/uploads/2024/12/2sensoriultra53c7.png]
[robnewtec.wordpress.com/wp-content/uploads/2024/12/velcostantefinale2dff.png]
[robnewtec.wordpress.com/wp-content/uploads/2024/12/accelcostantefinale2dff.png]
[robnewtec.wordpress.com/wp-content/uploads/2024/12/pendolofinalegrafico2dff.png]
[robnewtec.wordpress.com/wp-content/uploads/2024/12/pendolofinalenografico2dff.png]
[robnewtec.wordpress.com/wp-content/uploads/2024/12/geometriafinale-1-12dff.png]
[robnewtec.wordpress.com/wp-content/uploads/2024/12/5gruppofinalegrafico-12dff.png]
[robnewtec.wordpress.com/wp-content/uploads/2024/12/5grgra2dff.png]
[robnewtec.wordpress.com/scienza-con-lego-spike/GET]
[robnewtec.wordpress.com/scienza-con-lego-spike/index.html]
[robnewtec.wordpress.com/risorse-per-la-stampa-in-3d/GET]
[robnewtec.wordpress.com/risorse-per-la-stampa-in-3d/index.html]
[robnewtec.wordpress.com/stampa-3d-idee/GET]
[robnewtec.wordpress.com/stampa-3d-idee/index.html]
[robnewtec.wordpress.com/wp-content/mu-plugins/jetpack-mu-wpcom-plugin/sun/jetpack_vendor/automattic/jetpack-mu-wpcom/src/build/verbum-comments/verbum-comments9fd9.css]
[robnewtec.wordpress.com/2016/09/28/prova-prova/GET]
[robnewtec.wordpress.com/wp-content/plugins/gutenberg-core/v22.1.2/build/scripts/hooks/index.minc669.js]
[robnewtec.wordpress.com/_static/index316c.html]
[robnewtec.wordpress.com/wp-content/plugins/gutenberg-core/v22.1.2/build/scripts/i18n/index.minffbe.js]
[robnewtec.wordpress.com/_static/index1234.html]
[robnewtec.wordpress.com/_static/index054e.html]
[robnewtec.wordpress.com/2016/09/28/prova-prova/feed/index.html]
[robnewtec.wordpress.com/wp-content/mu-plugins/jetpack-mu-wpcom-plugin/sun/jetpack_vendor/automattic/jetpack-mu-wpcom/src/build/verbum-comments/assets/dynamic-loader07b7.js]
[robnewtec.wordpress.com/2016/09/28/prova-prova/index.html]
[robnewtec.wordpress.com/_static/indexdd39.html]
[robnewtec.wordpress.com/category/senza-categoria/GET]
[robnewtec.wordpress.com/category/senza-categoria/index.html]
[robnewtec.wordpress.com/category/senza-categoria/feed/index.html]
[robnewtec.wordpress.com/author/andreacristofori/GET]
[robnewtec.wordpress.com/author/andreacristofori/index.html]
[robnewtec.wordpress.com/GET.html]
[robnewtec.wordpress.com/wp-content/mu-plugins/actionbar/actionbar3d0f.css]
[robnewtec.wordpress.com/wp-content/blog-plugins/marketing-bar/images/wpcom-mark.svg]
[robnewtec.wordpress.com/wp-content/blog-plugins/marketing-bar/images/jp-app.svg]
[robnewtec.wordpress.com/wp-content/blog-plugins/marketing-bar/images/arrow.svg]
[robnewtec.wordpress.com/wp-includes/js/mediaelement/mejs-controls.svg]
[robnewtec.wordpress.com/wp-content/plugins/coblocks/2.18.1-simple-rev.4/dist/images/lightbox/arrow-left.svg]
[robnewtec.wordpress.com/wp-content/plugins/coblocks/2.18.1-simple-rev.4/dist/images/lightbox/arrow-right.svg]
[robnewtec.wordpress.com/wp-content/plugins/coblocks/2.18.1-simple-rev.4/dist/images/lightbox/close.svg]
[robnewtec.wordpress.com/wp-content/plugins/coblocks/2.18.1-simple-rev.4/dist/images/social/twitter.svg]
[robnewtec.wordpress.com/_static/index252e.html]
[robnewtec.wordpress.com/_static/indexd02a.html]
[robnewtec.wordpress.com/author/andreacristofori/feed/index.html]
[robnewtec.wordpress.com/i/noticons/Noticonsd41d.eot]
[robnewtec.wordpress.com/i/noticons/Noticons.ttf]
[robnewtec.wordpress.com/_static/indexba1f.html]
[robnewtec.wordpress.com/_static/index3b27.html]
[robnewtec.wordpress.com/mbot/index9a7b.html]
[robnewtec.wordpress.com/mbot/index5a58.html]
[robnewtec.wordpress.com/mbot/GET.html]
[robnewtec.wordpress.com/programmare-mbot-con-openroberta/index9a7b.html]
[robnewtec.wordpress.com/programmare-mbot-con-openroberta/index5a58.html]
[robnewtec.wordpress.com/programmare-mbot-con-openroberta/GET.html]
[robnewtec.wordpress.com/_static/indexed67.html]
[robnewtec.wordpress.com/lego/index9a7b.html]
[robnewtec.wordpress.com/lego/index5a58.html]
[robnewtec.wordpress.com/lego/GET.html]
[robnewtec.wordpress.com/lego-spike/index9a7b.html]
[robnewtec.wordpress.com/lego-spike/index5a58.html]
[robnewtec.wordpress.com/lego-spike/GET.html]
[robnewtec.wordpress.com/openrobertaev3/index9a7b.html]
[robnewtec.wordpress.com/openrobertaev3/index5a58.html]
[robnewtec.wordpress.com/openrobertaev3/GET.html]
[robnewtec.wordpress.com/legoev3blocchi/index9a7b.html]
[robnewtec.wordpress.com/legoev3blocchi/index5a58.html]
[robnewtec.wordpress.com/legoev3blocchi/GET.html]
[robnewtec.wordpress.com/corso-nxc/index9a7b.html]
[robnewtec.wordpress.com/corso-nxc/index5a58.html]
[robnewtec.wordpress.com/corso-nxc/GET.html]
[robnewtec.wordpress.com/i/noticons/Noticons.svg]
[robnewtec.wordpress.com/wp-content/uploads/2018/08/schermoinizialeblocchif405.png]
[robnewtec.wordpress.com/wp-content/uploads/2018/08/blocchiaranciof405.png]
[robnewtec.wordpress.com/wp-content/uploads/2018/08/commento1f405.png]
[robnewtec.wordpress.com/wp-content/uploads/2018/08/variabili1f405.png]
[robnewtec.wordpress.com/wp-content/uploads/2018/08/simplebehaviourf405.png]
[robnewtec.wordpress.com/wp-content/uploads/2018/08/motorcommandsf405.png]
[robnewtec.wordpress.com/wp-content/uploads/2018/08/remotecontrolf405.png]
[robnewtec.wordpress.com/helpsimplebehaviors/index.html]
[robnewtec.wordpress.com/wp-content/uploads/2018/08/timingf405.png]
[robnewtec.wordpress.com/helpmotorcommands/index.html]
[robnewtec.wordpress.com/wp-content/uploads/2018/08/linetrackingf405.png]
[robnewtec.wordpress.com/wp-content/uploads/2018/08/datalogf405.png]
[robnewtec.wordpress.com/timing-2/index.html]
[robnewtec.wordpress.com/wp-content/uploads/2018/08/displayf405.png]
[robnewtec.wordpress.com/wp-content/uploads/2018/08/setledcolorf405.png]
[robnewtec.wordpress.com/datalog-2/index.html]
[robnewtec.wordpress.com/wp-content/uploads/2018/08/setledcoloropzionif405.png]
[robnewtec.wordpress.com/display-3/index.html]
[robnewtec.wordpress.com/wp-content/uploads/2018/08/resetgyrof405.png]
[robnewtec.wordpress.com/wp-content/uploads/2018/08/resetgyroopzionif405.png]
[robnewtec.wordpress.com/wp-content/uploads/2018/08/resetbumpedf405.png]
[robnewtec.wordpress.com/wp-content/uploads/2018/08/resetbumpedesempiof405.png]
[robnewtec.wordpress.com/wp-content/uploads/2018/08/sounsf405.png]
[robnewtec.wordpress.com/wp-content/uploads/2018/08/playsoundf405.png]
[robnewtec.wordpress.com/wp-content/uploads/2018/08/playtonef405.png]
[robnewtec.wordpress.com/robotc-blocchi/GET]
[robnewtec.wordpress.com/robotc-blocchi/index.html]
[robnewtec.wordpress.com/wp-content/uploads/2018/08/pragmaconfigf405.png]
[robnewtec.wordpress.com/wp-content/uploads/2018/08/robotcstrutturafinestre1f405.png]
[robnewtec.wordpress.com/wp-content/uploads/2018/08/listasceltef405.png]
[robnewtec.wordpress.com/wp-content/uploads/2018/08/errorif405.png]
[robnewtec.wordpress.com/wp-content/uploads/2018/08/naturallanguagef405.png]
[robnewtec.wordpress.com/wp-content/uploads/2018/08/menumotorif405.png]
[robnewtec.wordpress.com/wp-content/uploads/2018/08/esempiomovemotorf405.png]
[robnewtec.wordpress.com/wp-content/uploads/2018/08/esempiosetmotorf405.png]
[robnewtec.wordpress.com/wp-content/uploads/2018/08/esempiomultiplemotorsf405.png]
[robnewtec.wordpress.com/wp-content/uploads/2018/08/esempiosetmotorreversedf405.png]
[robnewtec.wordpress.com/wp-content/uploads/2018/08/sensorecoloref405.png]
[robnewtec.wordpress.com/wp-content/uploads/2018/08/gestioneledf405.png]
[robnewtec.wordpress.com/wp-content/uploads/2018/11/comandilcd1f405.png]
[robnewtec.wordpress.com/wp-content/uploads/2018/11/suonif405.png]
[robnewtec.wordpress.com/wp-content/uploads/2018/11/esempiotimingf405.png]
[robnewtec.wordpress.com/wp-content/uploads/2018/11/esempiodatalogf405.png]
[robnewtec.wordpress.com/wp-content/uploads/2018/11/abilitadatalogf405.png]
[robnewtec.wordpress.com/wp-content/uploads/2018/08/debugdatalogf405.png]
[robnewtec.wordpress.com/wp-content/uploads/2018/08/finestrelladebubf405.png]
[robnewtec.wordpress.com/wp-content/uploads/2018/08/graficodatalogf405.png]
[robnewtec.wordpress.com/robotc-2/GET]
[robnewtec.wordpress.com/robotc-2/index.html]
[robnewtec.wordpress.com/robotc/index9a7b.html]
[robnewtec.wordpress.com/robotc/index5a58.html]
[robnewtec.wordpress.com/robotc/GET.html]
[robnewtec.wordpress.com/lego-nxt/index9a7b.html]
[robnewtec.wordpress.com/lego-nxt/index5a58.html]
[robnewtec.wordpress.com/lego-nxt/GET.html]
[robnewtec.wordpress.com/il-sensore-di-colore/index9a7b.html]
[robnewtec.wordpress.com/il-sensore-di-colore/index5a58.html]
[robnewtec.wordpress.com/il-sensore-di-colore/GET.html]
[robnewtec.wordpress.com/arduino/index9a7b.html]
[robnewtec.wordpress.com/arduino/index5a58.html]
[robnewtec.wordpress.com/arduino/GET.html]
[robnewtec.wordpress.com/uno-pinout/index9a7b.html]
[robnewtec.wordpress.com/uno-pinout/index5a58.html]
[robnewtec.wordpress.com/uno-pinout/GET.html]
[robnewtec.wordpress.com/uno-r3-schematic-reference/index9a7b.html]
[robnewtec.wordpress.com/uno-r3-schematic-reference/index5a58.html]
[robnewtec.wordpress.com/uno-r3-schematic-reference/GET.html]
[robnewtec.wordpress.com/corso-base/index9a7b.html]
[robnewtec.wordpress.com/corso-base/index5a58.html]
[robnewtec.wordpress.com/corso-base/GET.html]
[robnewtec.wordpress.com/arduino-alvik/index9a7b.html]
[robnewtec.wordpress.com/arduino-alvik/index5a58.html]
[robnewtec.wordpress.com/arduino-alvik/GET.html]
[robnewtec.wordpress.com/software-per-la-didattica/index9a7b.html]
[robnewtec.wordpress.com/software-per-la-didattica/index5a58.html]
[robnewtec.wordpress.com/software-per-la-didattica/GET.html]
[robnewtec.wordpress.com/bambustudio/index9a7b.html]
[robnewtec.wordpress.com/bambustudio/index5a58.html]
[robnewtec.wordpress.com/bambustudio/GET.html]
[robnewtec.wordpress.com/freecad/index9a7b.html]
[robnewtec.wordpress.com/freecad/index5a58.html]
[robnewtec.wordpress.com/freecad/GET.html]
[robnewtec.wordpress.com/wp-content/uploads/2019/08/tinkercad_crea-nuovo-progettof405.png]
[robnewtec.wordpress.com/wp-content/uploads/2019/08/tinkermodificaquesto-1f405.png]
[robnewtec.wordpress.com/wp-content/uploads/2019/08/tinkercad_ambientecostruzione3df405.png]
[robnewtec.wordpress.com/wp-content/uploads/2019/08/tinker_griglia-1f405.png]
[robnewtec.wordpress.com/wp-content/uploads/2019/08/tinkersnapf405.png]
[robnewtec.wordpress.com/wp-content/uploads/2019/08/tinker_pianodilavorof405.png]
[robnewtec.wordpress.com/wp-content/uploads/2019/08/tinker_pianodilavoroaggiuntof405.png]
[robnewtec.wordpress.com/wp-content/uploads/2019/08/tinker_iconarighellof405.png]
[robnewtec.wordpress.com/wp-content/uploads/2019/08/tinker_righellof405.png]
[robnewtec.wordpress.com/wp-content/uploads/2019/08/tinkercuboorientamentof405.png]
[robnewtec.wordpress.com/wp-content/uploads/2019/08/tinkervisualizzacasaf405.png]
[robnewtec.wordpress.com/wp-content/uploads/2019/08/tinkervistaadattaf405.png]
[robnewtec.wordpress.com/wp-content/uploads/2019/08/tinkervistapiuf405.png]
[robnewtec.wordpress.com/wp-content/uploads/2019/08/tinkervistamenof405.png]
[robnewtec.wordpress.com/wp-content/uploads/2019/08/tinkervistaprospettf405.png]
[robnewtec.wordpress.com/wp-content/uploads/2019/08/tinkervistaassonomf405.png]
[robnewtec.wordpress.com/wp-content/uploads/2019/08/tinkericonacopiaf405.png]
[robnewtec.wordpress.com/wp-content/uploads/2019/08/tinkericonaincollaf405.png]
[robnewtec.wordpress.com/wp-content/uploads/2019/08/tinkericonaduplicaf405.png]
[robnewtec.wordpress.com/wp-content/uploads/2019/08/tinkericonacancellaf405.png]
[robnewtec.wordpress.com/wp-content/uploads/2019/08/tinkericonaundoredof405.png]
[robnewtec.wordpress.com/wp-content/uploads/2019/08/tinkerpulsanteimportaf405.png]
[robnewtec.wordpress.com/wp-content/uploads/2019/08/tinkerpulsanteesportaf405.png]
[robnewtec.wordpress.com/wp-content/uploads/2019/08/tinkerpulsanteinviaf405.png]
[robnewtec.wordpress.com/wp-content/uploads/2019/08/tinker_sceltaprimitivef405.png]
[robnewtec.wordpress.com/wp-content/uploads/2019/08/tinker_primitivetrasparentif405.png]
[robnewtec.wordpress.com/wp-content/uploads/2019/08/tinkercadiconanascondiprimitivef405.png]
[robnewtec.wordpress.com/wp-content/uploads/2019/08/tinkericonauniscif405.png]
[robnewtec.wordpress.com/wp-content/uploads/2019/08/tinkericonaseparaf405.png]
[robnewtec.wordpress.com/wp-content/uploads/2019/08/tinkericonaallineaf405.png]
[robnewtec.wordpress.com/wp-content/uploads/2019/08/tinkericonaspecularef405.png]
[robnewtec.wordpress.com/wp-content/uploads/2019/08/tinkerprimitivainseritaf405.png]
[robnewtec.wordpress.com/wp-content/uploads/2019/08/tinker_costruzione1f405.png]
[robnewtec.wordpress.com/wp-content/uploads/2019/08/tinker_costruzione2-1f405.png]
[robnewtec.wordpress.com/wp-content/uploads/2019/08/tinker_costruzione3f405.png]
[robnewtec.wordpress.com/wp-content/uploads/2019/08/tinker_costruzione4f405.png]
[robnewtec.wordpress.com/wp-content/uploads/2019/08/tinker_costruzione5-1f405.png]
[robnewtec.wordpress.com/wp-content/uploads/2019/08/tinker_costruzione6-1f405.png]
[robnewtec.wordpress.com/wp-content/uploads/2019/08/tinker_costruzione7f405.png]
[robnewtec.wordpress.com/wp-content/uploads/2019/08/tinker_costruzione8f405.png]
[robnewtec.wordpress.com/wp-content/uploads/2019/08/tinker_costruzione9f405.png]
[robnewtec.wordpress.com/wp-content/uploads/2019/08/tinker_costruzione10f405.png]
[robnewtec.wordpress.com/wp-content/uploads/2019/08/tinker_costruzione11f405.png]
[robnewtec.wordpress.com/wp-content/uploads/2019/08/tinker_costruzione12f405.png]
[robnewtec.wordpress.com/wp-content/uploads/2019/08/tinker_costruzione13f405.png]
[robnewtec.wordpress.com/tinkercad-progetti-3d-2/GET]
[robnewtec.wordpress.com/tinkercad-progetti-3d-2/index.html]
[robnewtec.wordpress.com/wp-content/uploads/2019/08/tinkercad_menu_circuitif405.png]
[robnewtec.wordpress.com/_static/index8723.html]
[robnewtec.wordpress.com/wp-content/uploads/2019/08/tinker_circuiti1-1f405.png]
[robnewtec.wordpress.com/wp-content/uploads/2019/08/tinker_circuiti2-1f405.png]
[robnewtec.wordpress.com/wp-content/uploads/2019/08/tinker_circuiti3-1f405.png]
[robnewtec.wordpress.com/wp-content/uploads/2019/08/tinker_circuiti4-1f405.png]
[robnewtec.wordpress.com/wp-content/uploads/2019/08/tinkercircuiti_iconaruotaf405.png]
[robnewtec.wordpress.com/wp-content/uploads/2019/08/tinker_circuiti5f405.png]
[robnewtec.wordpress.com/wp-content/uploads/2019/08/tinker_circuiti6f405.png]
[robnewtec.wordpress.com/wp-content/uploads/2019/08/tinker_circuiti8f405.png]
[robnewtec.wordpress.com/wp-content/uploads/2019/08/tinker_circuiti9f405.png]
[robnewtec.wordpress.com/wp-content/uploads/2019/08/tinker_circuiti7-113d1.png]
[robnewtec.wordpress.com/wp-content/uploads/2019/08/tinker_circuiti10f405.png]
[robnewtec.wordpress.com/wp-content/uploads/2019/08/tinker_circuiti11f405.png]
[robnewtec.wordpress.com/wp-content/uploads/2019/08/tinker_circuiti12f405.png]
[robnewtec.wordpress.com/wp-content/uploads/2019/08/tinker_circuiti13f405.png]
[robnewtec.wordpress.com/wp-content/uploads/2019/08/tinker_circuiti14f405.png]
[robnewtec.wordpress.com/wp-content/uploads/2019/08/tinker_costruzione14f405.png]
[robnewtec.wordpress.com/wp-content/uploads/2019/08/tinker_circuiti15f405.png]
[robnewtec.wordpress.com/wp-content/uploads/2019/08/tinker_programmazione1f405.png]
[robnewtec.wordpress.com/wp-content/uploads/2019/08/tinker_programmazione2f405.png]
[robnewtec.wordpress.com/wp-content/uploads/2019/08/tinker_programmazione3f405.png]
[robnewtec.wordpress.com/wp-content/uploads/2019/08/tinker_programmazione4f405.png]
[robnewtec.wordpress.com/wp-content/uploads/2019/08/tinker_programmazione5f405.png]
[robnewtec.wordpress.com/wp-content/uploads/2019/08/tinker_programmazione6f405.png]
[robnewtec.wordpress.com/wp-content/uploads/2019/08/tinker_programmazione7-1f405.png]
[robnewtec.wordpress.com/wp-content/uploads/2019/08/tinker_programmazione11f405.png]
[robnewtec.wordpress.com/wp-content/uploads/2019/08/tinker_programmazione8f405.png]
[robnewtec.wordpress.com/wp-content/uploads/2019/08/tinker_programmazione9f405.png]
[robnewtec.wordpress.com/wp-content/uploads/2019/08/tinker_programmazione10-1f405.png]
[robnewtec.wordpress.com/wp-content/uploads/2019/08/tinker_programmazione12-1f405.png]
[robnewtec.wordpress.com/wp-content/uploads/2019/08/tinker_programmazione13-2f405.png]
[robnewtec.wordpress.com/wp-content/uploads/2019/08/tinker_programmazione14f405.png]
[robnewtec.wordpress.com/wp-content/uploads/2019/08/tinker_programmazione14-1f405.png]
[robnewtec.wordpress.com/wp-content/uploads/2019/08/tinker_programmazione15-1f405.png]
[robnewtec.wordpress.com/wp-content/uploads/2019/08/tinker_programmazione16-1f405.png]
[robnewtec.wordpress.com/wp-content/uploads/2019/08/tinker_programmazione17f405.png]
[robnewtec.wordpress.com/wp-content/uploads/2019/08/tinker_programmazione18f405.png]
[robnewtec.wordpress.com/wp-content/uploads/2019/08/tinker_breadboardf405.jpg]
[robnewtec.wordpress.com/wp-content/uploads/2019/08/tinker_programmazione19breadcolonnef405.png]
[robnewtec.wordpress.com/wp-content/uploads/2019/08/tinker_programmazione19breadrighef405.png]
[robnewtec.wordpress.com/wp-content/uploads/2019/08/tinker_programmazione19breadpassointegratof405.png]
[robnewtec.wordpress.com/wp-content/uploads/2019/08/tinker_breadboard_circuitocomplessof405.jpg]
[robnewtec.wordpress.com/wp-content/uploads/2019/08/tinker_programmazione20f405.png]
[robnewtec.wordpress.com/wp-content/uploads/2019/08/tinker_programmazione21f405.png]
[robnewtec.wordpress.com/wp-content/uploads/2019/08/tinker_programmazione22f405.png]
[robnewtec.wordpress.com/wp-content/uploads/2019/08/tinker_programmazione23f405.png]
[robnewtec.wordpress.com/wp-content/uploads/2019/08/tinker_costruzione145b97.png]
[robnewtec.wordpress.com/wp-content/uploads/2019/08/tinker_programmazione24f405.png]
[robnewtec.wordpress.com/wp-content/uploads/2019/08/tinker_programmazione25f405.png]
[robnewtec.wordpress.com/wp-content/uploads/2019/08/tinker_programmazione26f405.png]
[robnewtec.wordpress.com/wp-content/uploads/2019/08/tinker_programmazione27f405.png]
[robnewtec.wordpress.com/wp-content/uploads/2019/08/tinker_programmazione28f405.png]
[robnewtec.wordpress.com/wp-content/uploads/2019/08/tinker_programmazione29f405.png]
[robnewtec.wordpress.com/wp-content/uploads/2019/08/tinker_programmazione30-1f405.png]
[robnewtec.wordpress.com/wp-content/uploads/2019/08/tinker_programmazione31-1f405.png]
[robnewtec.wordpress.com/tinkercad-circuits/GET]
[robnewtec.wordpress.com/tinkercad-circuits/index.html]
[robnewtec.wordpress.com/_static/index79e6.html]
[robnewtec.wordpress.com/_static/index9335.html]
[robnewtec.wordpress.com/wp-content/uploads/2020/03/tinker_codeblocks2f405.png]
[robnewtec.wordpress.com/wp-content/uploads/2020/03/tinker_codeblocks33745.png]
[robnewtec.wordpress.com/wp-content/uploads/2020/03/tinker_codeblocks4f405.png]
[robnewtec.wordpress.com/wp-content/uploads/2020/03/tinker_codeblocks5f405.png]
[robnewtec.wordpress.com/wp-content/uploads/2020/03/tinker_codeblocks6f405.png]
[robnewtec.wordpress.com/tinkercad-codeblocks/GET]
[robnewtec.wordpress.com/tinkercad-codeblocks/index.html]
[robnewtec.wordpress.com/tinkercad/index9a7b.html]
[robnewtec.wordpress.com/tinkercad/index5a58.html]
[robnewtec.wordpress.com/tinkercad/GET.html]
[robnewtec.wordpress.com/blender/index9a7b.html]
[robnewtec.wordpress.com/blender/index5a58.html]
[robnewtec.wordpress.com/blender/GET.html]
[robnewtec.wordpress.com/onshape/index9a7b.html]
[robnewtec.wordpress.com/onshape/index5a58.html]
[robnewtec.wordpress.com/onshape/GET.html]
[robnewtec.wordpress.com/sugarcad/index9a7b.html]
[robnewtec.wordpress.com/sugarcad/index5a58.html]
[robnewtec.wordpress.com/sugarcad/GET.html]
[robnewtec.wordpress.com/progetti-hardware-software/index9a7b.html]
[robnewtec.wordpress.com/progetti-hardware-software/index5a58.html]
[robnewtec.wordpress.com/progetti-hardware-software/GET.html]
[robnewtec.wordpress.com/dolcino/index9a7b.html]
[robnewtec.wordpress.com/dolcino/index5a58.html]
[robnewtec.wordpress.com/dolcino/GET.html]
[robnewtec.wordpress.com/fresa-cnc/index9a7b.html]
[robnewtec.wordpress.com/fresa-cnc/index5a58.html]
[robnewtec.wordpress.com/fresa-cnc/GET.html]
[robnewtec.wordpress.com/astronomia-con-le-nuove-tecnologie-2/index9a7b.html]
[robnewtec.wordpress.com/astronomia-con-le-nuove-tecnologie-2/index5a58.html]
[robnewtec.wordpress.com/astronomia-con-le-nuove-tecnologie-2/GET.html]
[robnewtec.wordpress.com/meridiana-digitale/index9a7b.html]
[robnewtec.wordpress.com/meridiana-digitale/index5a58.html]
[robnewtec.wordpress.com/meridiana-digitale/GET.html]
[robnewtec.wordpress.com/montatura-equatoriale/index9a7b.html]
[robnewtec.wordpress.com/montatura-equatoriale/index5a58.html]
[robnewtec.wordpress.com/montatura-equatoriale/GET.html]
[robnewtec.wordpress.com/astronomia-con-le-nuove-tecnologie/index9a7b.html]
[robnewtec.wordpress.com/astronomia-con-le-nuove-tecnologie/index5a58.html]
[robnewtec.wordpress.com/astronomia-con-le-nuove-tecnologie/GET.html]
[robnewtec.wordpress.com/puntatore-astronomico/index9a7b.html]
[robnewtec.wordpress.com/puntatore-astronomico/index5a58.html]
[robnewtec.wordpress.com/puntatore-astronomico/GET.html]
[robnewtec.wordpress.com/installazione-del-software/index9a7b.html]
[robnewtec.wordpress.com/installazione-del-software/index5a58.html]
[robnewtec.wordpress.com/installazione-del-software/GET.html]
[robnewtec.wordpress.com/mondi-virtuali/index9a7b.html]
[robnewtec.wordpress.com/mondi-virtuali/index5a58.html]
[robnewtec.wordpress.com/mondi-virtuali/GET.html]
[robnewtec.wordpress.com/mondi-virtuali-creazione-di-oggetti-e-contenuti/index9a7b.html]
[robnewtec.wordpress.com/mondi-virtuali-creazione-di-oggetti-e-contenuti/index5a58.html]
[robnewtec.wordpress.com/mondi-virtuali-creazione-di-oggetti-e-contenuti/GET.html]
[robnewtec.wordpress.com/mondi-virtuali-gestione-del-server/index9a7b.html]
[robnewtec.wordpress.com/mondi-virtuali-gestione-del-server/index5a58.html]
[robnewtec.wordpress.com/mondi-virtuali-gestione-del-server/GET.html]
[robnewtec.wordpress.com/mondi-virtuali-linguaggio-di-scripting/index9a7b.html]
[robnewtec.wordpress.com/mondi-virtuali-linguaggio-di-scripting/index5a58.html]
[robnewtec.wordpress.com/mondi-virtuali-linguaggio-di-scripting/GET.html]
[robnewtec.wordpress.com/scratch/index9a7b.html]
[robnewtec.wordpress.com/scratch/index5a58.html]
[robnewtec.wordpress.com/scratch/GET.html]
[robnewtec.wordpress.com/ausili-ai-corsi/index9a7b.html]
[robnewtec.wordpress.com/ausili-ai-corsi/index5a58.html]
[robnewtec.wordpress.com/ausili-ai-corsi/GET.html]
[robnewtec.wordpress.com/scienza-con-lego-spike/index9a7b.html]
[robnewtec.wordpress.com/scienza-con-lego-spike/index5a58.html]
[robnewtec.wordpress.com/scienza-con-lego-spike/GET.html]
[robnewtec.wordpress.com/risorse-per-la-stampa-in-3d/index9a7b.html]
[robnewtec.wordpress.com/risorse-per-la-stampa-in-3d/index5a58.html]
[robnewtec.wordpress.com/risorse-per-la-stampa-in-3d/GET.html]
[robnewtec.wordpress.com/stampa-3d-idee/index9a7b.html]
[robnewtec.wordpress.com/stampa-3d-idee/index5a58.html]
[robnewtec.wordpress.com/stampa-3d-idee/GET.html]
[robnewtec.wordpress.com/_static/index316c.html]
[robnewtec.wordpress.com/wp-content/mu-plugins/jetpack-mu-wpcom-plugin/sun/jetpack_vendor/automattic/jetpack-mu-wpcom/src/build/verbum-comments/verbum-comments9fd9.css]
[robnewtec.wordpress.com/2016/09/28/prova-prova/GET.html]
[robnewtec.wordpress.com/category/senza-categoria/GET.html]
[robnewtec.wordpress.com/author/andreacristofori/GET.html]
[robnewtec.wordpress.com/i/noticons/Noticons.svg]
[robnewtec.wordpress.com/wp-content/uploads/2018/08/backwards1f405.png]
[robnewtec.wordpress.com/wp-content/uploads/2018/08/movemotorf405.png]
[robnewtec.wordpress.com/helpsimplebehaviors/GET]
[robnewtec.wordpress.com/helpsimplebehaviors/index.html]
[robnewtec.wordpress.com/wp-content/uploads/2018/08/movemotortarget1f405.png]
[robnewtec.wordpress.com/wp-content/uploads/2018/08/resetmotorencoderf405.png]
[robnewtec.wordpress.com/wp-content/uploads/2018/08/setmotorf405.png]
[robnewtec.wordpress.com/wp-content/uploads/2018/08/setmotorbrakemodef405.png]
[robnewtec.wordpress.com/wp-content/uploads/2018/08/setmotorreversedf405.png]
[robnewtec.wordpress.com/wp-content/uploads/2018/08/setmotortargetf405.png]
[robnewtec.wordpress.com/wp-content/uploads/2018/08/setmultiplemotorsf405.png]
[robnewtec.wordpress.com/wp-content/uploads/2018/08/stopallmotorsf405.png]
[robnewtec.wordpress.com/wp-content/uploads/2018/08/stopmotorf405.png]
[robnewtec.wordpress.com/wp-content/uploads/2018/08/stopmultiplemotorsf405.png]
[robnewtec.wordpress.com/helpmotorcommands/GET]
[robnewtec.wordpress.com/helpmotorcommands/index.html]
[robnewtec.wordpress.com/wp-content/uploads/2018/08/resettimerf405.png]
[robnewtec.wordpress.com/wp-content/uploads/2018/08/waitf405.png]
[robnewtec.wordpress.com/timing-2/GET]
[robnewtec.wordpress.com/timing-2/index.html]
[robnewtec.wordpress.com/wp-content/uploads/2018/08/datalogsetup3f405.png]
[robnewtec.wordpress.com/wp-content/uploads/2018/08/datalogclearf405.png]
[robnewtec.wordpress.com/wp-content/uploads/2018/08/datalogratef405.png]
[robnewtec.wordpress.com/wp-content/uploads/2018/08/datalogstartf405.png]
[robnewtec.wordpress.com/wp-content/uploads/2018/08/datalogstopf405.png]
[robnewtec.wordpress.com/datalog-2/GET]
[robnewtec.wordpress.com/datalog-2/index.html]
[robnewtec.wordpress.com/wp-content/uploads/2018/08/displaymotorvaluesf405.png]
[robnewtec.wordpress.com/wp-content/uploads/2018/08/displaysensorvaluesf405.png]
[robnewtec.wordpress.com/wp-content/uploads/2018/08/displaytextf405.png]
[robnewtec.wordpress.com/wp-content/uploads/2018/08/displayvariablef405.png]
[robnewtec.wordpress.com/display-3/GET]
[robnewtec.wordpress.com/display-3/index.html]
[robnewtec.wordpress.com/robotc-blocchi/index9a7b.html]
[robnewtec.wordpress.com/robotc-blocchi/index5a58.html]
[robnewtec.wordpress.com/robotc-blocchi/GET.html]
[robnewtec.wordpress.com/robotc-2/index9a7b.html]
[robnewtec.wordpress.com/robotc-2/index5a58.html]
[robnewtec.wordpress.com/robotc-2/GET.html]
[robnewtec.wordpress.com/tinkercad-progetti-3d-2/index9a7b.html]
[robnewtec.wordpress.com/tinkercad-progetti-3d-2/index5a58.html]
[robnewtec.wordpress.com/tinkercad-progetti-3d-2/GET.html]
[robnewtec.wordpress.com/_static/index8723.html]
[robnewtec.wordpress.com/tinkercad-circuits/index9a7b.html]
[robnewtec.wordpress.com/tinkercad-circuits/index5a58.html]
[robnewtec.wordpress.com/tinkercad-circuits/GET.html]
[robnewtec.wordpress.com/_static/index79e6.html]
[robnewtec.wordpress.com/tinkercad-codeblocks/index9a7b.html]
[robnewtec.wordpress.com/tinkercad-codeblocks/index5a58.html]
[robnewtec.wordpress.com/tinkercad-codeblocks/GET.html]
[robnewtec.wordpress.com/helpsimplebehaviors/index9a7b.html]
[robnewtec.wordpress.com/helpsimplebehaviors/index5a58.html]
[robnewtec.wordpress.com/helpsimplebehaviors/GET.html]
[robnewtec.wordpress.com/helpmotorcommands/index9a7b.html]
[robnewtec.wordpress.com/helpmotorcommands/index5a58.html]
[robnewtec.wordpress.com/helpmotorcommands/GET.html]
[robnewtec.wordpress.com/timing-2/index9a7b.html]
[robnewtec.wordpress.com/timing-2/index5a58.html]
[robnewtec.wordpress.com/timing-2/GET.html]
[robnewtec.wordpress.com/datalog-2/index9a7b.html]
[robnewtec.wordpress.com/datalog-2/index5a58.html]
[robnewtec.wordpress.com/datalog-2/GET.html]
[robnewtec.wordpress.com/display-3/index9a7b.html]
[robnewtec.wordpress.com/display-3/index5a58.html]
[robnewtec.wordpress.com/display-3/GET.html]
